/home/runner/work/_temp/gatelint-source.tar.xz: OK
  % Total    % Received % Xferd  Average Speed   Time    Time     Time  Current
                                 Dload  Upload   Total   Spent    Left  Speed
  0     0    0     0    0     0      0      0 --:--:-- --:--:-- --:--:--     0  0     0    0     0    0     0      0      0 --:--:-- --:--:-- --:--:--     0  0     0    0     0    0     0      0      0 --:--:-- --:--:-- --:--:--     0
  8  706M    8 59.6M    0     0  58.3M      0  0:00:12  0:00:01  0:00:11 58.3M 23  706M   23  163M    0     0  80.9M      0  0:00:08  0:00:02  0:00:06  103M 39  706M   39  280M    0     0  92.5M      0  0:00:07  0:00:03  0:00:04  110M 54  706M   54  382M    0     0  95.0M      0  0:00:07  0:00:04  0:00:03  107M 69  706M   69  490M    0     0  97.3M      0  0:00:07  0:00:05  0:00:02  107M 82  706M   82  580M    0     0  95.8M      0  0:00:07  0:00:06  0:00:01  103M 98  706M   98  694M    0     0  98.9M      0  0:00:07  0:00:07 --:--:--  106M100  706M  100  706M    0     0  99.0M      0  0:00:07  0:00:07 --:--:--  103M
/home/runner/work/_temp/oss-cad-suite-linux-x64-20260826.tgz: OK
/home/runner/work/_temp/oss-cad-suite/bin/ghdl
GHDL 7.0.0-dev (6.0.0.r455.gd7d5d55e8.dirty) [Dunoon edition]
 Compiled with GNAT Version: 14.3.0
 llvm 21.1.8 code generator
/home/runner/work/_temp/oss-cad-suite/bin/iverilog
/home/runner/work/_temp/oss-cad-suite/libexec/iverilog: invalid option -- '-'
/home/runner/work/_temp/oss-cad-suite/bin/vvp
/home/runner/work/_temp/oss-cad-suite/libexec/vvp: invalid option -- '-'
/home/runner/work/_temp/oss-cad-suite/libexec/vvp: invalid option -- 'e'
/home/runner/work/_temp/oss-cad-suite/libexec/vvp: invalid option -- 'r'
/home/runner/work/_temp/oss-cad-suite/bin/yosys
Yosys 0.68+130 (git sha1 dd83bbad2-dirty, Release, Clang /usr/bin/clang++ 21.1.8)
/home/runner/work/_temp/oss-cad-suite/bin/nextpnr-ice40
"nextpnr-ice40" -- Next Generation Place and Route (Version nextpnr-0.11.1-13-gbc1aec33)
/home/runner/work/_temp/oss-cad-suite/bin/icetime
/home/runner/work/_temp/oss-cad-suite/libexec/icetime: invalid option -- '-'

Usage: /home/runner/work/_temp/oss-cad-suite/libexec/icetime [options] input.asc
/home/runner/work/_temp/oss-cad-suite/bin/icepack

Usage: /home/runner/work/_temp/oss-cad-suite/libexec/icepack [options] [input-file [output-file]]

/home/runner/work/_temp/oss-cad-suite/bin/iceunpack

Usage: /home/runner/work/_temp/oss-cad-suite/libexec/iceunpack [options] [input-file [output-file]]

?   	github.com/MarkFilus/gatelint/cmd/gatelint	[no test files]
?   	github.com/MarkFilus/gatelint/internal/buildinfo	[no test files]
?   	github.com/MarkFilus/gatelint/internal/cache	[no test files]
?   	github.com/MarkFilus/gatelint/internal/config	[no test files]
?   	github.com/MarkFilus/gatelint/internal/diag	[no test files]
?   	github.com/MarkFilus/gatelint/internal/engine	[no test files]
?   	github.com/MarkFilus/gatelint/internal/fpga	[no test files]
?   	github.com/MarkFilus/gatelint/internal/glob	[no test files]
?   	github.com/MarkFilus/gatelint/internal/lsp	[no test files]
?   	github.com/MarkFilus/gatelint/internal/model	[no test files]
?   	github.com/MarkFilus/gatelint/internal/output	[no test files]
?   	github.com/MarkFilus/gatelint/internal/parser	[no test files]
?   	github.com/MarkFilus/gatelint/internal/runner	[no test files]
?   	github.com/MarkFilus/gatelint/internal/watch	[no test files]
mixed-language self-test written to /home/runner/work/_temp/gatelint-src/gatelint-0.4.0/.gatelint/fpga-real-project

[simulate stdout]
GATELINT_SIM_PASS
/home/runner/work/_temp/gatelint-src/gatelint-0.4.0/.gatelint/fpga-real-project/sim/tb.sv:121: $finish called at 384375 (1s)

[simulate-synth stdout]
GATELINT_SIM_PASS
/home/runner/work/_temp/gatelint-src/gatelint-0.4.0/.gatelint/fpga-real-project/sim/tb.sv:121: $finish called at 384375 (1s)

[lvs stdout]
/----------------------------------------------------------------------------\
 |  yosys -- Yosys Open SYnthesis Suite                                       |
 |  Copyright (C) 2012 - 2026  Claire Xenia Wolf <claire@yosyshq.com>         |
 |  Distributed under an ISC-like license, type "license" to see terms        |
 \----------------------------------------------------------------------------/
 Yosys 0.68+130 (git sha1 dd83bbad2-dirty, Release, Clang /usr/bin/clang++ 21.1.8)

-- Executing script file `/home/runner/work/_temp/gatelint-src/gatelint-0.4.0/.gatelint/fpga-real-project/.gatelint/fpga/equivalence.ys' --

1. Executing Verilog-2005 frontend: /home/runner/work/_temp/gatelint-src/gatelint-0.4.0/.gatelint/fpga-real-project/.gatelint/fpga/vhdl-vhdl_counter.v
Parsing SystemVerilog input from `/home/runner/work/_temp/gatelint-src/gatelint-0.4.0/.gatelint/fpga-real-project/.gatelint/fpga/vhdl-vhdl_counter.v' to AST representation.
Generating RTLIL representation for module `\vhdl_counter'.
Successfully finished Verilog frontend.

2. Executing Verilog-2005 frontend: /home/runner/work/_temp/gatelint-src/gatelint-0.4.0/.gatelint/fpga-real-project/rtl/uart_challenge.sv
Parsing SystemVerilog input from `/home/runner/work/_temp/gatelint-src/gatelint-0.4.0/.gatelint/fpga-real-project/rtl/uart_challenge.sv' to AST representation.
Generating RTLIL representation for module `\uart_challenge'.
Successfully finished Verilog frontend.

3. Executing Verilog-2005 frontend: /home/runner/work/_temp/gatelint-src/gatelint-0.4.0/.gatelint/fpga-real-project/rtl/top.v
Parsing SystemVerilog input from `/home/runner/work/_temp/gatelint-src/gatelint-0.4.0/.gatelint/fpga-real-project/rtl/top.v' to AST representation.
Generating RTLIL representation for module `\top'.
Successfully finished Verilog frontend.

4. Executing HIERARCHY pass (managing design hierarchy).

4.1. Analyzing design hierarchy..
Top module:  \top
Used module:     \uart_challenge
Used module:     \vhdl_counter
Parameter \CLK_HZ = 12000000
Parameter \BAUD = 115200

4.2. Executing AST frontend in derive mode using pre-parsed AST for module `\uart_challenge'.
Parameter \CLK_HZ = 12000000
Parameter \BAUD = 115200
Generating RTLIL representation for module `$paramod$ac1dfc5bd50e692283a8fc9365368286267139be\uart_challenge'.

4.3. Analyzing design hierarchy..
Top module:  \top
Used module:     $paramod$ac1dfc5bd50e692283a8fc9365368286267139be\uart_challenge
Used module:     \vhdl_counter

4.4. Analyzing design hierarchy..
Top module:  \top
Used module:     $paramod$ac1dfc5bd50e692283a8fc9365368286267139be\uart_challenge
Used module:     \vhdl_counter
Removing unused module `\uart_challenge'.
Removed 1 unused modules.

5. Executing EQUIV_OPT pass.

5.1. Executing HIERARCHY pass (managing design hierarchy).
Attribute `top' found on module `top'. Setting top module to top.

5.1.1. Analyzing design hierarchy..
Top module:  \top
Used module:     $paramod$ac1dfc5bd50e692283a8fc9365368286267139be\uart_challenge
Used module:     \vhdl_counter

5.1.2. Analyzing design hierarchy..
Top module:  \top
Used module:     $paramod$ac1dfc5bd50e692283a8fc9365368286267139be\uart_challenge
Used module:     \vhdl_counter
Removed 0 unused modules.

5.2. Executing CHECK pass (checking for obvious problems).
Checking module top...
Checking module $paramod$ac1dfc5bd50e692283a8fc9365368286267139be\uart_challenge...
Checking module vhdl_counter...
Found and reported 0 problems.

5.3. Executing SYNTH_ICE40 pass.

5.3.1. Executing Verilog-2005 frontend: /home/runner/work/_temp/oss-cad-suite/lib/../share/yosys/ice40/cells_sim.v
Parsing Verilog input from `/home/runner/work/_temp/oss-cad-suite/lib/../share/yosys/ice40/cells_sim.v' to AST representation.
Generating RTLIL representation for module `\SB_IO'.
Generating RTLIL representation for module `\SB_GB_IO'.
Generating RTLIL representation for module `\SB_GB'.
Generating RTLIL representation for module `\SB_LUT4'.
Generating RTLIL representation for module `\SB_CARRY'.
Generating RTLIL representation for module `\SB_DFF'.
Generating RTLIL representation for module `\SB_DFFE'.
Generating RTLIL representation for module `\SB_DFFSR'.
Generating RTLIL representation for module `\SB_DFFR'.
Generating RTLIL representation for module `\SB_DFFSS'.
Generating RTLIL representation for module `\SB_DFFS'.
Generating RTLIL representation for module `\SB_DFFESR'.
Generating RTLIL representation for module `\SB_DFFER'.
Generating RTLIL representation for module `\SB_DFFESS'.
Generating RTLIL representation for module `\SB_DFFES'.
Generating RTLIL representation for module `\SB_DFFN'.
Generating RTLIL representation for module `\SB_DFFNE'.
Generating RTLIL representation for module `\SB_DFFNSR'.
Generating RTLIL representation for module `\SB_DFFNR'.
Generating RTLIL representation for module `\SB_DFFNSS'.
Generating RTLIL representation for module `\SB_DFFNS'.
Generating RTLIL representation for module `\SB_DFFNESR'.
Generating RTLIL representation for module `\SB_DFFNER'.
Generating RTLIL representation for module `\SB_DFFNESS'.
Generating RTLIL representation for module `\SB_DFFNES'.
Generating RTLIL representation for module `\SB_RAM40_4K'.
Generating RTLIL representation for module `\SB_RAM40_4KNR'.
Generating RTLIL representation for module `\SB_RAM40_4KNW'.
Generating RTLIL representation for module `\SB_RAM40_4KNRNW'.
Generating RTLIL representation for module `\ICESTORM_LC'.
Generating RTLIL representation for module `\SB_PLL40_CORE'.
Generating RTLIL representation for module `\SB_PLL40_PAD'.
Generating RTLIL representation for module `\SB_PLL40_2_PAD'.
Generating RTLIL representation for module `\SB_PLL40_2F_CORE'.
Generating RTLIL representation for module `\SB_PLL40_2F_PAD'.
Generating RTLIL representation for module `\SB_WARMBOOT'.
Generating RTLIL representation for module `\SB_SPRAM256KA'.
Generating RTLIL representation for module `\SB_HFOSC'.
Generating RTLIL representation for module `\SB_LFOSC'.
Generating RTLIL representation for module `\SB_RGBA_DRV'.
Generating RTLIL representation for module `\SB_LED_DRV_CUR'.
Generating RTLIL representation for module `\SB_RGB_DRV'.
Generating RTLIL representation for module `\SB_I2C'.
Generating RTLIL representation for module `\SB_SPI'.
Generating RTLIL representation for module `\SB_LEDDA_IP'.
Generating RTLIL representation for module `\SB_FILTER_50NS'.
Generating RTLIL representation for module `\SB_IO_I3C'.
Generating RTLIL representation for module `\SB_IO_OD'.
Generating RTLIL representation for module `\SB_MAC16'.
Generating RTLIL representation for module `\ICESTORM_RAM'.
Successfully finished Verilog frontend.

5.3.2. Executing HIERARCHY pass (managing design hierarchy).

5.3.2.1. Analyzing design hierarchy..
Top module:  \top
Used module:     $paramod$ac1dfc5bd50e692283a8fc9365368286267139be\uart_challenge
Used module:     \vhdl_counter

5.3.2.2. Analyzing design hierarchy..
Top module:  \top
Used module:     $paramod$ac1dfc5bd50e692283a8fc9365368286267139be\uart_challenge
Used module:     \vhdl_counter
Removed 0 unused modules.

5.3.3. Executing PROC pass (convert processes to netlists).

5.3.3.1. Executing PROC_CLEAN pass (remove empty switches from decision trees).
Cleaned up 0 empty switches.

5.3.3.2. Executing PROC_RMDEAD pass (remove dead branches from decision trees).
Marked 11 switch rules as full_case in process $proc$/home/runner/work/_temp/gatelint-src/gatelint-0.4.0/.gatelint/fpga-real-project/rtl/uart_challenge.sv:224$323 in module $paramod$ac1dfc5bd50e692283a8fc9365368286267139be\uart_challenge.
Marked 11 switch rules as full_case in process $proc$/home/runner/work/_temp/gatelint-src/gatelint-0.4.0/.gatelint/fpga-real-project/rtl/uart_challenge.sv:171$261 in module $paramod$ac1dfc5bd50e692283a8fc9365368286267139be\uart_challenge.
Marked 5 switch rules as full_case in process $proc$/home/runner/work/_temp/gatelint-src/gatelint-0.4.0/.gatelint/fpga-real-project/rtl/uart_challenge.sv:122$236 in module $paramod$ac1dfc5bd50e692283a8fc9365368286267139be\uart_challenge.
Removed a total of 0 dead cases.

5.3.3.3. Executing PROC_PRUNE pass (remove redundant assignments in processes).
Removed 0 redundant assignments.
Promoted 50 assignments to connections.

5.3.3.4. Executing PROC_INIT pass (extract init attributes).
Found init rule in `\top.$proc$/home/runner/work/_temp/gatelint-src/gatelint-0.4.0/.gatelint/fpga-real-project/rtl/top.v:7$225'.
  Set init value: \reset_count = 4'0000
Found init rule in `$paramod$ac1dfc5bd50e692283a8fc9365368286267139be\uart_challenge.$proc$/home/runner/work/_temp/gatelint-src/gatelint-0.4.0/.gatelint/fpga-real-project/rtl/uart_challenge.sv:40$437'.
  Set init value: \tx_response = 0
Found init rule in `$paramod$ac1dfc5bd50e692283a8fc9365368286267139be\uart_challenge.$proc$/home/runner/work/_temp/gatelint-src/gatelint-0.4.0/.gatelint/fpga-real-project/rtl/uart_challenge.sv:39$436'.
  Set init value: \tx_challenge = 0
Found init rule in `$paramod$ac1dfc5bd50e692283a8fc9365368286267139be\uart_challenge.$proc$/home/runner/work/_temp/gatelint-src/gatelint-0.4.0/.gatelint/fpga-real-project/rtl/uart_challenge.sv:38$435'.
  Set init value: \char_index = 5'00000
Found init rule in `$paramod$ac1dfc5bd50e692283a8fc9365368286267139be\uart_challenge.$proc$/home/runner/work/_temp/gatelint-src/gatelint-0.4.0/.gatelint/fpga-real-project/rtl/uart_challenge.sv:37$434'.
  Set init value: \tx_shift = 10'1111111111
Found init rule in `$paramod$ac1dfc5bd50e692283a8fc9365368286267139be\uart_challenge.$proc$/home/runner/work/_temp/gatelint-src/gatelint-0.4.0/.gatelint/fpga-real-project/rtl/uart_challenge.sv:36$433'.
  Set init value: \tx_bit_index = 4'0000
Found init rule in `$paramod$ac1dfc5bd50e692283a8fc9365368286267139be\uart_challenge.$proc$/home/runner/work/_temp/gatelint-src/gatelint-0.4.0/.gatelint/fpga-real-project/rtl/uart_challenge.sv:35$432'.
  Set init value: \tx_count = 16'0000000000000000
Found init rule in `$paramod$ac1dfc5bd50e692283a8fc9365368286267139be\uart_challenge.$proc$/home/runner/work/_temp/gatelint-src/gatelint-0.4.0/.gatelint/fpga-real-project/rtl/uart_challenge.sv:34$431'.
  Set init value: \message_active = 1'0
Found init rule in `$paramod$ac1dfc5bd50e692283a8fc9365368286267139be\uart_challenge.$proc$/home/runner/work/_temp/gatelint-src/gatelint-0.4.0/.gatelint/fpga-real-project/rtl/uart_challenge.sv:33$430'.
  Set init value: \tx_busy = 1'0
Found init rule in `$paramod$ac1dfc5bd50e692283a8fc9365368286267139be\uart_challenge.$proc$/home/runner/work/_temp/gatelint-src/gatelint-0.4.0/.gatelint/fpga-real-project/rtl/uart_challenge.sv:31$429'.
  Set init value: \response_valid = 1'0
Found init rule in `$paramod$ac1dfc5bd50e692283a8fc9365368286267139be\uart_challenge.$proc$/home/runner/work/_temp/gatelint-src/gatelint-0.4.0/.gatelint/fpga-real-project/rtl/uart_challenge.sv:30$428'.
  Set init value: \response_value = 0
Found init rule in `$paramod$ac1dfc5bd50e692283a8fc9365368286267139be\uart_challenge.$proc$/home/runner/work/_temp/gatelint-src/gatelint-0.4.0/.gatelint/fpga-real-project/rtl/uart_challenge.sv:29$427'.
  Set init value: \response_challenge = 0
Found init rule in `$paramod$ac1dfc5bd50e692283a8fc9365368286267139be\uart_challenge.$proc$/home/runner/work/_temp/gatelint-src/gatelint-0.4.0/.gatelint/fpga-real-project/rtl/uart_challenge.sv:28$426'.
  Set init value: \challenge_shift = 0
Found init rule in `$paramod$ac1dfc5bd50e692283a8fc9365368286267139be\uart_challenge.$proc$/home/runner/work/_temp/gatelint-src/gatelint-0.4.0/.gatelint/fpga-real-project/rtl/uart_challenge.sv:27$425'.
  Set init value: \nibble_count = 4'0000
Found init rule in `$paramod$ac1dfc5bd50e692283a8fc9365368286267139be\uart_challenge.$proc$/home/runner/work/_temp/gatelint-src/gatelint-0.4.0/.gatelint/fpga-real-project/rtl/uart_challenge.sv:26$424'.
  Set init value: \parser_state = 2'00
Found init rule in `$paramod$ac1dfc5bd50e692283a8fc9365368286267139be\uart_challenge.$proc$/home/runner/work/_temp/gatelint-src/gatelint-0.4.0/.gatelint/fpga-real-project/rtl/uart_challenge.sv:24$423'.
  Set init value: \rx_valid = 1'0
Found init rule in `$paramod$ac1dfc5bd50e692283a8fc9365368286267139be\uart_challenge.$proc$/home/runner/work/_temp/gatelint-src/gatelint-0.4.0/.gatelint/fpga-real-project/rtl/uart_challenge.sv:23$422'.
  Set init value: \rx_byte = 8'00000000
Found init rule in `$paramod$ac1dfc5bd50e692283a8fc9365368286267139be\uart_challenge.$proc$/home/runner/work/_temp/gatelint-src/gatelint-0.4.0/.gatelint/fpga-real-project/rtl/uart_challenge.sv:22$421'.
  Set init value: \rx_shift = 8'00000000
Found init rule in `$paramod$ac1dfc5bd50e692283a8fc9365368286267139be\uart_challenge.$proc$/home/runner/work/_temp/gatelint-src/gatelint-0.4.0/.gatelint/fpga-real-project/rtl/uart_challenge.sv:21$420'.
  Set init value: \rx_bit_index = 4'0000
Found init rule in `$paramod$ac1dfc5bd50e692283a8fc9365368286267139be\uart_challenge.$proc$/home/runner/work/_temp/gatelint-src/gatelint-0.4.0/.gatelint/fpga-real-project/rtl/uart_challenge.sv:20$419'.
  Set init value: \rx_count = 16'0000000000000000
Found init rule in `$paramod$ac1dfc5bd50e692283a8fc9365368286267139be\uart_challenge.$proc$/home/runner/work/_temp/gatelint-src/gatelint-0.4.0/.gatelint/fpga-real-project/rtl/uart_challenge.sv:19$418'.
  Set init value: \rx_busy = 1'0
Found init rule in `$paramod$ac1dfc5bd50e692283a8fc9365368286267139be\uart_challenge.$proc$/home/runner/work/_temp/gatelint-src/gatelint-0.4.0/.gatelint/fpga-real-project/rtl/uart_challenge.sv:18$417'.
  Set init value: \rx_sync = 1'1
Found init rule in `$paramod$ac1dfc5bd50e692283a8fc9365368286267139be\uart_challenge.$proc$/home/runner/work/_temp/gatelint-src/gatelint-0.4.0/.gatelint/fpga-real-project/rtl/uart_challenge.sv:17$416'.
  Set init value: \rx_meta = 1'1
Found init rule in `\vhdl_counter.$proc$/home/runner/work/_temp/gatelint-src/gatelint-0.4.0/.gatelint/fpga-real-project/.gatelint/fpga/vhdl-vhdl_counter.v:25$7'.
  Set init value: \n12 = 8'00000000
Found init rule in `\vhdl_counter.$proc$/home/runner/work/_temp/gatelint-src/gatelint-0.4.0/.gatelint/fpga-real-project/.gatelint/fpga/vhdl-vhdl_counter.v:14$6'.
  Set init value: \value = 8'00000000

5.3.3.5. Executing PROC_ARST pass (detect async resets in processes).

5.3.3.6. Executing PROC_ROM pass (convert switches to ROMs).
Converted 0 switches.
<suppressed ~32 debug messages>

5.3.3.7. Executing PROC_MUX pass (convert decision trees to multiplexers).
Creating decoders for process `\top.$proc$/home/runner/work/_temp/gatelint-src/gatelint-0.4.0/.gatelint/fpga-real-project/rtl/top.v:7$225'.
Creating decoders for process `\top.$proc$/home/runner/work/_temp/gatelint-src/gatelint-0.4.0/.gatelint/fpga-real-project/rtl/top.v:11$221'.
     1/1: $0\reset_count[3:0]
Creating decoders for process `$paramod$ac1dfc5bd50e692283a8fc9365368286267139be\uart_challenge.$proc$/home/runner/work/_temp/gatelint-src/gatelint-0.4.0/.gatelint/fpga-real-project/rtl/uart_challenge.sv:40$437'.
Creating decoders for process `$paramod$ac1dfc5bd50e692283a8fc9365368286267139be\uart_challenge.$proc$/home/runner/work/_temp/gatelint-src/gatelint-0.4.0/.gatelint/fpga-real-project/rtl/uart_challenge.sv:39$436'.
Creating decoders for process `$paramod$ac1dfc5bd50e692283a8fc9365368286267139be\uart_challenge.$proc$/home/runner/work/_temp/gatelint-src/gatelint-0.4.0/.gatelint/fpga-real-project/rtl/uart_challenge.sv:38$435'.
Creating decoders for process `$paramod$ac1dfc5bd50e692283a8fc9365368286267139be\uart_challenge.$proc$/home/runner/work/_temp/gatelint-src/gatelint-0.4.0/.gatelint/fpga-real-project/rtl/uart_challenge.sv:37$434'.
Creating decoders for process `$paramod$ac1dfc5bd50e692283a8fc9365368286267139be\uart_challenge.$proc$/home/runner/work/_temp/gatelint-src/gatelint-0.4.0/.gatelint/fpga-real-project/rtl/uart_challenge.sv:36$433'.
Creating decoders for process `$paramod$ac1dfc5bd50e692283a8fc9365368286267139be\uart_challenge.$proc$/home/runner/work/_temp/gatelint-src/gatelint-0.4.0/.gatelint/fpga-real-project/rtl/uart_challenge.sv:35$432'.
Creating decoders for process `$paramod$ac1dfc5bd50e692283a8fc9365368286267139be\uart_challenge.$proc$/home/runner/work/_temp/gatelint-src/gatelint-0.4.0/.gatelint/fpga-real-project/rtl/uart_challenge.sv:34$431'.
Creating decoders for process `$paramod$ac1dfc5bd50e692283a8fc9365368286267139be\uart_challenge.$proc$/home/runner/work/_temp/gatelint-src/gatelint-0.4.0/.gatelint/fpga-real-project/rtl/uart_challenge.sv:33$430'.
Creating decoders for process `$paramod$ac1dfc5bd50e692283a8fc9365368286267139be\uart_challenge.$proc$/home/runner/work/_temp/gatelint-src/gatelint-0.4.0/.gatelint/fpga-real-project/rtl/uart_challenge.sv:31$429'.
Creating decoders for process `$paramod$ac1dfc5bd50e692283a8fc9365368286267139be\uart_challenge.$proc$/home/runner/work/_temp/gatelint-src/gatelint-0.4.0/.gatelint/fpga-real-project/rtl/uart_challenge.sv:30$428'.
Creating decoders for process `$paramod$ac1dfc5bd50e692283a8fc9365368286267139be\uart_challenge.$proc$/home/runner/work/_temp/gatelint-src/gatelint-0.4.0/.gatelint/fpga-real-project/rtl/uart_challenge.sv:29$427'.
Creating decoders for process `$paramod$ac1dfc5bd50e692283a8fc9365368286267139be\uart_challenge.$proc$/home/runner/work/_temp/gatelint-src/gatelint-0.4.0/.gatelint/fpga-real-project/rtl/uart_challenge.sv:28$426'.
Creating decoders for process `$paramod$ac1dfc5bd50e692283a8fc9365368286267139be\uart_challenge.$proc$/home/runner/work/_temp/gatelint-src/gatelint-0.4.0/.gatelint/fpga-real-project/rtl/uart_challenge.sv:27$425'.
Creating decoders for process `$paramod$ac1dfc5bd50e692283a8fc9365368286267139be\uart_challenge.$proc$/home/runner/work/_temp/gatelint-src/gatelint-0.4.0/.gatelint/fpga-real-project/rtl/uart_challenge.sv:26$424'.
Creating decoders for process `$paramod$ac1dfc5bd50e692283a8fc9365368286267139be\uart_challenge.$proc$/home/runner/work/_temp/gatelint-src/gatelint-0.4.0/.gatelint/fpga-real-project/rtl/uart_challenge.sv:24$423'.
Creating decoders for process `$paramod$ac1dfc5bd50e692283a8fc9365368286267139be\uart_challenge.$proc$/home/runner/work/_temp/gatelint-src/gatelint-0.4.0/.gatelint/fpga-real-project/rtl/uart_challenge.sv:23$422'.
Creating decoders for process `$paramod$ac1dfc5bd50e692283a8fc9365368286267139be\uart_challenge.$proc$/home/runner/work/_temp/gatelint-src/gatelint-0.4.0/.gatelint/fpga-real-project/rtl/uart_challenge.sv:22$421'.
Creating decoders for process `$paramod$ac1dfc5bd50e692283a8fc9365368286267139be\uart_challenge.$proc$/home/runner/work/_temp/gatelint-src/gatelint-0.4.0/.gatelint/fpga-real-project/rtl/uart_challenge.sv:21$420'.
Creating decoders for process `$paramod$ac1dfc5bd50e692283a8fc9365368286267139be\uart_challenge.$proc$/home/runner/work/_temp/gatelint-src/gatelint-0.4.0/.gatelint/fpga-real-project/rtl/uart_challenge.sv:20$419'.
Creating decoders for process `$paramod$ac1dfc5bd50e692283a8fc9365368286267139be\uart_challenge.$proc$/home/runner/work/_temp/gatelint-src/gatelint-0.4.0/.gatelint/fpga-real-project/rtl/uart_challenge.sv:19$418'.
Creating decoders for process `$paramod$ac1dfc5bd50e692283a8fc9365368286267139be\uart_challenge.$proc$/home/runner/work/_temp/gatelint-src/gatelint-0.4.0/.gatelint/fpga-real-project/rtl/uart_challenge.sv:18$417'.
Creating decoders for process `$paramod$ac1dfc5bd50e692283a8fc9365368286267139be\uart_challenge.$proc$/home/runner/work/_temp/gatelint-src/gatelint-0.4.0/.gatelint/fpga-real-project/rtl/uart_challenge.sv:17$416'.
Creating decoders for process `$paramod$ac1dfc5bd50e692283a8fc9365368286267139be\uart_challenge.$proc$/home/runner/work/_temp/gatelint-src/gatelint-0.4.0/.gatelint/fpga-real-project/rtl/uart_challenge.sv:224$323'.
     1/66: $5\hex_char$func$/home/runner/work/_temp/gatelint-src/gatelint-0.4.0/.gatelint/fpga-real-project/rtl/uart_challenge.sv:114$234.$result[7:0]$412
     2/66: $5\word_nibble$func$/home/runner/work/_temp/gatelint-src/gatelint-0.4.0/.gatelint/fpga-real-project/rtl/uart_challenge.sv:114$233.$result[3:0]$410
     3/66: $5\hex_char$func$/home/runner/work/_temp/gatelint-src/gatelint-0.4.0/.gatelint/fpga-real-project/rtl/uart_challenge.sv:111$232.$result[7:0]$405
     4/66: $5\word_nibble$func$/home/runner/work/_temp/gatelint-src/gatelint-0.4.0/.gatelint/fpga-real-project/rtl/uart_challenge.sv:111$231.$result[3:0]$403
     5/66: $4\message_byte$func$/home/runner/work/_temp/gatelint-src/gatelint-0.4.0/.gatelint/fpga-real-project/rtl/uart_challenge.sv:261$230.$result[7:0]$391
     6/66: $4\hex_char$func$/home/runner/work/_temp/gatelint-src/gatelint-0.4.0/.gatelint/fpga-real-project/rtl/uart_challenge.sv:114$234.value[3:0]$401
     7/66: $4\hex_char$func$/home/runner/work/_temp/gatelint-src/gatelint-0.4.0/.gatelint/fpga-real-project/rtl/uart_challenge.sv:114$234.$result[7:0]$400
     8/66: $4\word_nibble$func$/home/runner/work/_temp/gatelint-src/gatelint-0.4.0/.gatelint/fpga-real-project/rtl/uart_challenge.sv:114$233.index[2:0]$399
     9/66: $4\word_nibble$func$/home/runner/work/_temp/gatelint-src/gatelint-0.4.0/.gatelint/fpga-real-project/rtl/uart_challenge.sv:114$233.word[31:0]$398
    10/66: $4\word_nibble$func$/home/runner/work/_temp/gatelint-src/gatelint-0.4.0/.gatelint/fpga-real-project/rtl/uart_challenge.sv:114$233.$result[3:0]$397
    11/66: $4\hex_char$func$/home/runner/work/_temp/gatelint-src/gatelint-0.4.0/.gatelint/fpga-real-project/rtl/uart_challenge.sv:111$232.value[3:0]$396
    12/66: $4\hex_char$func$/home/runner/work/_temp/gatelint-src/gatelint-0.4.0/.gatelint/fpga-real-project/rtl/uart_challenge.sv:111$232.$result[7:0]$395
    13/66: $4\word_nibble$func$/home/runner/work/_temp/gatelint-src/gatelint-0.4.0/.gatelint/fpga-real-project/rtl/uart_challenge.sv:111$231.index[2:0]$394
    14/66: $4\word_nibble$func$/home/runner/work/_temp/gatelint-src/gatelint-0.4.0/.gatelint/fpga-real-project/rtl/uart_challenge.sv:111$231.word[31:0]$393
    15/66: $4\word_nibble$func$/home/runner/work/_temp/gatelint-src/gatelint-0.4.0/.gatelint/fpga-real-project/rtl/uart_challenge.sv:111$231.$result[3:0]$392
    16/66: $3\hex_char$func$/home/runner/work/_temp/gatelint-src/gatelint-0.4.0/.gatelint/fpga-real-project/rtl/uart_challenge.sv:114$234.value[3:0]$390
    17/66: $3\hex_char$func$/home/runner/work/_temp/gatelint-src/gatelint-0.4.0/.gatelint/fpga-real-project/rtl/uart_challenge.sv:114$234.$result[7:0]$389
    18/66: $3\word_nibble$func$/home/runner/work/_temp/gatelint-src/gatelint-0.4.0/.gatelint/fpga-real-project/rtl/uart_challenge.sv:114$233.index[2:0]$388
    19/66: $3\word_nibble$func$/home/runner/work/_temp/gatelint-src/gatelint-0.4.0/.gatelint/fpga-real-project/rtl/uart_challenge.sv:114$233.word[31:0]$387
    20/66: $3\word_nibble$func$/home/runner/work/_temp/gatelint-src/gatelint-0.4.0/.gatelint/fpga-real-project/rtl/uart_challenge.sv:114$233.$result[3:0]$386
    21/66: $3\hex_char$func$/home/runner/work/_temp/gatelint-src/gatelint-0.4.0/.gatelint/fpga-real-project/rtl/uart_challenge.sv:111$232.value[3:0]$385
    22/66: $3\hex_char$func$/home/runner/work/_temp/gatelint-src/gatelint-0.4.0/.gatelint/fpga-real-project/rtl/uart_challenge.sv:111$232.$result[7:0]$384
    23/66: $3\word_nibble$func$/home/runner/work/_temp/gatelint-src/gatelint-0.4.0/.gatelint/fpga-real-project/rtl/uart_challenge.sv:111$231.index[2:0]$383
    24/66: $3\word_nibble$func$/home/runner/work/_temp/gatelint-src/gatelint-0.4.0/.gatelint/fpga-real-project/rtl/uart_challenge.sv:111$231.word[31:0]$382
    25/66: $3\word_nibble$func$/home/runner/work/_temp/gatelint-src/gatelint-0.4.0/.gatelint/fpga-real-project/rtl/uart_challenge.sv:111$231.$result[3:0]$381
    26/66: $3\message_byte$func$/home/runner/work/_temp/gatelint-src/gatelint-0.4.0/.gatelint/fpga-real-project/rtl/uart_challenge.sv:261$230.$result[7:0]$377
    27/66: $3\message_byte$func$/home/runner/work/_temp/gatelint-src/gatelint-0.4.0/.gatelint/fpga-real-project/rtl/uart_challenge.sv:261$230.response[31:0]$380
    28/66: $3\message_byte$func$/home/runner/work/_temp/gatelint-src/gatelint-0.4.0/.gatelint/fpga-real-project/rtl/uart_challenge.sv:261$230.challenge[31:0]$379
    29/66: $3\message_byte$func$/home/runner/work/_temp/gatelint-src/gatelint-0.4.0/.gatelint/fpga-real-project/rtl/uart_challenge.sv:261$230.index[4:0]$378
    30/66: $2\hex_char$func$/home/runner/work/_temp/gatelint-src/gatelint-0.4.0/.gatelint/fpga-real-project/rtl/uart_challenge.sv:114$234.value[3:0]$370
    31/66: $2\hex_char$func$/home/runner/work/_temp/gatelint-src/gatelint-0.4.0/.gatelint/fpga-real-project/rtl/uart_challenge.sv:114$234.$result[7:0]$369
    32/66: $2\word_nibble$func$/home/runner/work/_temp/gatelint-src/gatelint-0.4.0/.gatelint/fpga-real-project/rtl/uart_challenge.sv:114$233.index[2:0]$368
    33/66: $2\word_nibble$func$/home/runner/work/_temp/gatelint-src/gatelint-0.4.0/.gatelint/fpga-real-project/rtl/uart_challenge.sv:114$233.word[31:0]$367
    34/66: $2\word_nibble$func$/home/runner/work/_temp/gatelint-src/gatelint-0.4.0/.gatelint/fpga-real-project/rtl/uart_challenge.sv:114$233.$result[3:0]$366
    35/66: $2\hex_char$func$/home/runner/work/_temp/gatelint-src/gatelint-0.4.0/.gatelint/fpga-real-project/rtl/uart_challenge.sv:111$232.value[3:0]$365
    36/66: $2\hex_char$func$/home/runner/work/_temp/gatelint-src/gatelint-0.4.0/.gatelint/fpga-real-project/rtl/uart_challenge.sv:111$232.$result[7:0]$364
    37/66: $2\word_nibble$func$/home/runner/work/_temp/gatelint-src/gatelint-0.4.0/.gatelint/fpga-real-project/rtl/uart_challenge.sv:111$231.index[2:0]$363
    38/66: $2\word_nibble$func$/home/runner/work/_temp/gatelint-src/gatelint-0.4.0/.gatelint/fpga-real-project/rtl/uart_challenge.sv:111$231.word[31:0]$362
    39/66: $2\word_nibble$func$/home/runner/work/_temp/gatelint-src/gatelint-0.4.0/.gatelint/fpga-real-project/rtl/uart_challenge.sv:111$231.$result[3:0]$361
    40/66: $2\message_byte$func$/home/runner/work/_temp/gatelint-src/gatelint-0.4.0/.gatelint/fpga-real-project/rtl/uart_challenge.sv:261$230.response[31:0]$360
    41/66: $2\message_byte$func$/home/runner/work/_temp/gatelint-src/gatelint-0.4.0/.gatelint/fpga-real-project/rtl/uart_challenge.sv:261$230.challenge[31:0]$359
    42/66: $2\message_byte$func$/home/runner/work/_temp/gatelint-src/gatelint-0.4.0/.gatelint/fpga-real-project/rtl/uart_challenge.sv:261$230.index[4:0]$358
    43/66: $2\message_byte$func$/home/runner/work/_temp/gatelint-src/gatelint-0.4.0/.gatelint/fpga-real-project/rtl/uart_challenge.sv:261$230.$result[7:0]$357
    44/66: $1\hex_char$func$/home/runner/work/_temp/gatelint-src/gatelint-0.4.0/.gatelint/fpga-real-project/rtl/uart_challenge.sv:114$234.value[3:0]$352
    45/66: $1\hex_char$func$/home/runner/work/_temp/gatelint-src/gatelint-0.4.0/.gatelint/fpga-real-project/rtl/uart_challenge.sv:114$234.$result[7:0]$351
    46/66: $1\word_nibble$func$/home/runner/work/_temp/gatelint-src/gatelint-0.4.0/.gatelint/fpga-real-project/rtl/uart_challenge.sv:114$233.index[2:0]$350
    47/66: $1\word_nibble$func$/home/runner/work/_temp/gatelint-src/gatelint-0.4.0/.gatelint/fpga-real-project/rtl/uart_challenge.sv:114$233.word[31:0]$349
    48/66: $1\word_nibble$func$/home/runner/work/_temp/gatelint-src/gatelint-0.4.0/.gatelint/fpga-real-project/rtl/uart_challenge.sv:114$233.$result[3:0]$348
    49/66: $1\hex_char$func$/home/runner/work/_temp/gatelint-src/gatelint-0.4.0/.gatelint/fpga-real-project/rtl/uart_challenge.sv:111$232.value[3:0]$347
    50/66: $1\hex_char$func$/home/runner/work/_temp/gatelint-src/gatelint-0.4.0/.gatelint/fpga-real-project/rtl/uart_challenge.sv:111$232.$result[7:0]$346
    51/66: $1\word_nibble$func$/home/runner/work/_temp/gatelint-src/gatelint-0.4.0/.gatelint/fpga-real-project/rtl/uart_challenge.sv:111$231.index[2:0]$345
    52/66: $1\word_nibble$func$/home/runner/work/_temp/gatelint-src/gatelint-0.4.0/.gatelint/fpga-real-project/rtl/uart_challenge.sv:111$231.word[31:0]$344
    53/66: $1\word_nibble$func$/home/runner/work/_temp/gatelint-src/gatelint-0.4.0/.gatelint/fpga-real-project/rtl/uart_challenge.sv:111$231.$result[3:0]$343
    54/66: $1\message_byte$func$/home/runner/work/_temp/gatelint-src/gatelint-0.4.0/.gatelint/fpga-real-project/rtl/uart_challenge.sv:261$230.response[31:0]$342
    55/66: $1\message_byte$func$/home/runner/work/_temp/gatelint-src/gatelint-0.4.0/.gatelint/fpga-real-project/rtl/uart_challenge.sv:261$230.challenge[31:0]$341
    56/66: $1\message_byte$func$/home/runner/work/_temp/gatelint-src/gatelint-0.4.0/.gatelint/fpga-real-project/rtl/uart_challenge.sv:261$230.index[4:0]$340
    57/66: $1\message_byte$func$/home/runner/work/_temp/gatelint-src/gatelint-0.4.0/.gatelint/fpga-real-project/rtl/uart_challenge.sv:261$230.$result[7:0]$339
    58/66: $0\tx_response[31:0]
    59/66: $0\tx_challenge[31:0]
    60/66: $0\char_index[4:0]
    61/66: $0\tx_shift[9:0]
    62/66: $0\tx_bit_index[3:0]
    63/66: $0\tx_count[15:0]
    64/66: $0\message_active[0:0]
    65/66: $0\tx_busy[0:0]
    66/66: $0\tx[0:0]
Creating decoders for process `$paramod$ac1dfc5bd50e692283a8fc9365368286267139be\uart_challenge.$proc$/home/runner/work/_temp/gatelint-src/gatelint-0.4.0/.gatelint/fpga-real-project/rtl/uart_challenge.sv:171$261'.
     1/30: $4\challenge_response$func$/home/runner/work/_temp/gatelint-src/gatelint-0.4.0/.gatelint/fpga-real-project/rtl/uart_challenge.sv:205$229.$result[31:0]$318
     2/30: $4\challenge_response$func$/home/runner/work/_temp/gatelint-src/gatelint-0.4.0/.gatelint/fpga-real-project/rtl/uart_challenge.sv:205$229.value[31:0]$319
     3/30: $6\hex_value$func$/home/runner/work/_temp/gatelint-src/gatelint-0.4.0/.gatelint/fpga-real-project/rtl/uart_challenge.sv:190$228.$result[3:0]$309
     4/30: $5\hex_value$func$/home/runner/work/_temp/gatelint-src/gatelint-0.4.0/.gatelint/fpga-real-project/rtl/uart_challenge.sv:190$228.$result[3:0]$304
     5/30: $4\hex_value$func$/home/runner/work/_temp/gatelint-src/gatelint-0.4.0/.gatelint/fpga-real-project/rtl/uart_challenge.sv:190$228.$result[3:0]$299
     6/30: $4\hex_value$func$/home/runner/work/_temp/gatelint-src/gatelint-0.4.0/.gatelint/fpga-real-project/rtl/uart_challenge.sv:190$228.value[7:0]$300
     7/30: $3\challenge_response$func$/home/runner/work/_temp/gatelint-src/gatelint-0.4.0/.gatelint/fpga-real-project/rtl/uart_challenge.sv:205$229.value[31:0]$286
     8/30: $3\challenge_response$func$/home/runner/work/_temp/gatelint-src/gatelint-0.4.0/.gatelint/fpga-real-project/rtl/uart_challenge.sv:205$229.$result[31:0]$285
     9/30: $3\hex_value$func$/home/runner/work/_temp/gatelint-src/gatelint-0.4.0/.gatelint/fpga-real-project/rtl/uart_challenge.sv:190$228.value[7:0]$284
    10/30: $3\hex_value$func$/home/runner/work/_temp/gatelint-src/gatelint-0.4.0/.gatelint/fpga-real-project/rtl/uart_challenge.sv:190$228.$result[3:0]$283
    11/30: $3\is_hex$func$/home/runner/work/_temp/gatelint-src/gatelint-0.4.0/.gatelint/fpga-real-project/rtl/uart_challenge.sv:189$227.value[7:0]$282
    12/30: $3\is_hex$func$/home/runner/work/_temp/gatelint-src/gatelint-0.4.0/.gatelint/fpga-real-project/rtl/uart_challenge.sv:189$227.$result[0:0]$281
    13/30: $2\challenge_response$func$/home/runner/work/_temp/gatelint-src/gatelint-0.4.0/.gatelint/fpga-real-project/rtl/uart_challenge.sv:205$229.value[31:0]$280
    14/30: $2\challenge_response$func$/home/runner/work/_temp/gatelint-src/gatelint-0.4.0/.gatelint/fpga-real-project/rtl/uart_challenge.sv:205$229.$result[31:0]$279
    15/30: $2\hex_value$func$/home/runner/work/_temp/gatelint-src/gatelint-0.4.0/.gatelint/fpga-real-project/rtl/uart_challenge.sv:190$228.value[7:0]$278
    16/30: $2\hex_value$func$/home/runner/work/_temp/gatelint-src/gatelint-0.4.0/.gatelint/fpga-real-project/rtl/uart_challenge.sv:190$228.$result[3:0]$277
    17/30: $2\is_hex$func$/home/runner/work/_temp/gatelint-src/gatelint-0.4.0/.gatelint/fpga-real-project/rtl/uart_challenge.sv:189$227.value[7:0]$276
    18/30: $2\is_hex$func$/home/runner/work/_temp/gatelint-src/gatelint-0.4.0/.gatelint/fpga-real-project/rtl/uart_challenge.sv:189$227.$result[0:0]$275
    19/30: $1\challenge_response$func$/home/runner/work/_temp/gatelint-src/gatelint-0.4.0/.gatelint/fpga-real-project/rtl/uart_challenge.sv:205$229.value[31:0]$274
    20/30: $1\challenge_response$func$/home/runner/work/_temp/gatelint-src/gatelint-0.4.0/.gatelint/fpga-real-project/rtl/uart_challenge.sv:205$229.$result[31:0]$273
    21/30: $1\hex_value$func$/home/runner/work/_temp/gatelint-src/gatelint-0.4.0/.gatelint/fpga-real-project/rtl/uart_challenge.sv:190$228.value[7:0]$272
    22/30: $1\hex_value$func$/home/runner/work/_temp/gatelint-src/gatelint-0.4.0/.gatelint/fpga-real-project/rtl/uart_challenge.sv:190$228.$result[3:0]$271
    23/30: $1\is_hex$func$/home/runner/work/_temp/gatelint-src/gatelint-0.4.0/.gatelint/fpga-real-project/rtl/uart_challenge.sv:189$227.value[7:0]$270
    24/30: $1\is_hex$func$/home/runner/work/_temp/gatelint-src/gatelint-0.4.0/.gatelint/f
... output trimmed ...
ate $paramod$5e9374f44a27c3f8a1c38af244ec43ceb4fb8d4f$lut for cells of type $lut.
Using template $paramod$lut\WIDTH=32'00000000000000000000000000000011\LUT=8'11111000 for cells of type $lut.
Using template $paramod$lut\WIDTH=32'00000000000000000000000000000011\LUT=8'10101000 for cells of type $lut.
Using template $paramod$31f0a66a4b242b524303bfb4ac95c05ad74158f8$lut for cells of type $lut.
Using template $paramod$70ebb6cf5bc7d63c5c1a98ccefefa2af79e8f2a9$lut for cells of type $lut.
Using template $paramod$lut\WIDTH=32'00000000000000000000000000000011\LUT=8'00001110 for cells of type $lut.
Using template $paramod$lut\WIDTH=32'00000000000000000000000000000010\LUT=4'1101 for cells of type $lut.
Using template $paramod$23d3ef4279ea0b83ae2809732c45cc9f0c51a755$lut for cells of type $lut.
Using template $paramod$lut\WIDTH=32'00000000000000000000000000000011\LUT=8'11110010 for cells of type $lut.
Using template $paramod$1632c1c0242796acfc963a05742c4acd2f475c4e$lut for cells of type $lut.
Using template $paramod$66e741791413519a466d4f44240bc83d3a191818$lut for cells of type $lut.
Using template $paramod$lut\WIDTH=32'00000000000000000000000000000010\LUT=4'1110 for cells of type $lut.
Using template $paramod$e4f8d81c24db5be4d13730546a4ee5ffc8be826a$lut for cells of type $lut.
Using template $paramod$lut\WIDTH=32'00000000000000000000000000000011\LUT=8'10010011 for cells of type $lut.
Using template $paramod$b142bd94d4fb924af150e32e84d441fe287a22a3$lut for cells of type $lut.
Using template $paramod$lut\WIDTH=32'00000000000000000000000000000011\LUT=8'00010011 for cells of type $lut.
Using template $paramod$f41ad5097d9f0f76cacde91c023873087e38be33$lut for cells of type $lut.
Using template $paramod$66caeb00a39d236782a97659e3bd99621b74681b$lut for cells of type $lut.
Using template $paramod$lut\WIDTH=32'00000000000000000000000000000011\LUT=8'01101100 for cells of type $lut.
Using template $paramod$f85f1073c412d406200a6a72283f918c8b751314$lut for cells of type $lut.
Using template $paramod$lut\WIDTH=32'00000000000000000000000000000010\LUT=4'1001 for cells of type $lut.
Using template $paramod$21f957a7073b1ba634cad0df400394ca323de2fc$lut for cells of type $lut.
Using template $paramod$lut\WIDTH=32'00000000000000000000000000000011\LUT=8'11101100 for cells of type $lut.
Using template $paramod$lut\WIDTH=32'00000000000000000000000000000011\LUT=8'01010010 for cells of type $lut.
Using template $paramod$a7be344af0979c41b8930051bf1455c2976339f4$lut for cells of type $lut.
Using template $paramod$fedd391a449986d2e33f6a45ba54951e3a4843dc$lut for cells of type $lut.
Using template $paramod$19f568890ed784cb1efc3ce1b67eed20a6c54d9a$lut for cells of type $lut.
Using template $paramod$69a9b041903cf6361b3361401b55e0bda8a97a88$lut for cells of type $lut.
Using template $paramod$d4d942387118c2fa50588da69db54aa7d7cb23bd$lut for cells of type $lut.
Using template $paramod$lut\WIDTH=32'00000000000000000000000000000011\LUT=8'11011100 for cells of type $lut.
Using template $paramod$15efa44280f2a77bf023b68f95d9df5681d9dd99$lut for cells of type $lut.
Using template $paramod$8670261af8d77851d2850ba537e3a1d0e2415376$lut for cells of type $lut.
Using template $paramod$lut\WIDTH=32'00000000000000000000000000000011\LUT=8'10101110 for cells of type $lut.
Using template $paramod$47b1691cce9d3422c6243f646236643e13e69f0c$lut for cells of type $lut.
Using template $paramod$1be3a10aca64bc8b3d140a9dcfb9bac7a6744be9$lut for cells of type $lut.
Using template $paramod$27331a24b2c1dcbe1b3eefac456a3f892f3b23d2$lut for cells of type $lut.
Using template $paramod$c854c5c77bc7c429c5b9cd582d4f32cbbcb4d3f0$lut for cells of type $lut.
Using template $paramod$4834046533425f54583d6bd31e49deb63455e1a5$lut for cells of type $lut.
Using template $paramod$aab54572d5ffecd31253b36e73e9cb718d05be34$lut for cells of type $lut.
Using template $paramod$lut\WIDTH=32'00000000000000000000000000000011\LUT=8'10110001 for cells of type $lut.
Using template $paramod$lut\WIDTH=32'00000000000000000000000000000011\LUT=8'00110001 for cells of type $lut.
Using template $paramod$lut\WIDTH=32'00000000000000000000000000000011\LUT=8'00010101 for cells of type $lut.
Using template $paramod$lut\WIDTH=32'00000000000000000000000000000011\LUT=8'11000100 for cells of type $lut.
Using template $paramod$6f36f9d5871face0df32a42cfb901548ec3027d1$lut for cells of type $lut.
Using template $paramod$a5516fc31d1e552de2435200bb732b4d4ad63a9c$lut for cells of type $lut.
Using template $paramod$lut\WIDTH=32'00000000000000000000000000000011\LUT=8'11100010 for cells of type $lut.
Using template $paramod$lut\WIDTH=32'00000000000000000000000000000011\LUT=8'00001101 for cells of type $lut.
Using template $paramod$fbed19fb84ee7c8a884778d28a96daea96245184$lut for cells of type $lut.
No more expansions possible.
<suppressed ~1723 debug messages>
Removed 0 unused cells and 738 unused wires.

5.3.48. Executing AUTONAME pass.
Renamed 867 objects in module top.
<suppressed ~867 debug messages>

5.3.49. Executing HIERARCHY pass (managing design hierarchy).
Attribute `top' found on module `top'. Setting top module to top.

5.3.49.1. Analyzing design hierarchy..
Top module:  \top

5.3.49.2. Analyzing design hierarchy..
Top module:  \top
Removed 0 unused modules.

5.3.50. Printing statistics.

=== top ===

        +----------Local Count, excluding submodules.
        | 
      270 wires
      894 wire bits
      270 public wires
      894 public wire bits
        4 ports
        4 port bits
        2 cells
        2   $scopeinfo
      632 submodules
       91   SB_CARRY
        4   SB_DFFE
      200   SB_DFFESR
        1   SB_DFFESS
       20   SB_DFFSR
      316   SB_LUT4

=== design hierarchy ===

        +----------Count including submodules.
        | 
        2 top

        +----------Count including submodules.
        | 
      270 wires
      894 wire bits
      270 public wires
      894 public wire bits
        4 ports
        4 port bits
        - memories
        - memory bits
        - processes
        2 cells
        2   $scopeinfo
      632 submodules
       91   SB_CARRY
        4   SB_DFFE
      200   SB_DFFESR
        1   SB_DFFESS
       20   SB_DFFSR
      316   SB_LUT4

5.3.51. Executing CHECK pass (checking for obvious problems).
Checking module top...
Found and reported 0 problems.

5.4. Executing CHECK pass (checking for obvious problems).
Checking module top...
Found and reported 0 problems.

5.5. Executing TECHMAP pass (map to technology primitives).

5.5.1. Executing Verilog-2005 frontend: /home/runner/work/_temp/oss-cad-suite/lib/../share/yosys/ice40/cells_sim.v
Parsing Verilog input from `/home/runner/work/_temp/oss-cad-suite/lib/../share/yosys/ice40/cells_sim.v' to AST representation.
/home/runner/work/_temp/oss-cad-suite/lib/../share/yosys/ice40/cells_sim.v:41: Warning: Yosys has only limited support for tri-state logic at the moment.
/home/runner/work/_temp/oss-cad-suite/lib/../share/yosys/ice40/cells_sim.v:86: Warning: Yosys has only limited support for tri-state logic at the moment.
/home/runner/work/_temp/oss-cad-suite/lib/../share/yosys/ice40/cells_sim.v:87: Warning: Yosys has only limited support for tri-state logic at the moment.
/home/runner/work/_temp/oss-cad-suite/lib/../share/yosys/ice40/cells_sim.v:2153: Warning: Yosys has only limited support for tri-state logic at the moment.
/home/runner/work/_temp/oss-cad-suite/lib/../share/yosys/ice40/cells_sim.v:2154: Warning: Yosys has only limited support for tri-state logic at the moment.
/home/runner/work/_temp/oss-cad-suite/lib/../share/yosys/ice40/cells_sim.v:2155: Warning: Yosys has only limited support for tri-state logic at the moment.
/home/runner/work/_temp/oss-cad-suite/lib/../share/yosys/ice40/cells_sim.v:2156: Warning: Yosys has only limited support for tri-state logic at the moment.
/home/runner/work/_temp/oss-cad-suite/lib/../share/yosys/ice40/cells_sim.v:2157: Warning: Yosys has only limited support for tri-state logic at the moment.
/home/runner/work/_temp/oss-cad-suite/lib/../share/yosys/ice40/cells_sim.v:2158: Warning: Yosys has only limited support for tri-state logic at the moment.
/home/runner/work/_temp/oss-cad-suite/lib/../share/yosys/ice40/cells_sim.v:2925: Warning: Yosys has only limited support for tri-state logic at the moment.
/home/runner/work/_temp/oss-cad-suite/lib/../share/yosys/ice40/cells_sim.v:2926: Warning: Yosys has only limited support for tri-state logic at the moment.
/home/runner/work/_temp/oss-cad-suite/lib/../share/yosys/ice40/cells_sim.v:2988: Warning: Yosys has only limited support for tri-state logic at the moment.
/home/runner/work/_temp/oss-cad-suite/lib/../share/yosys/ice40/cells_sim.v:2989: Warning: Yosys has only limited support for tri-state logic at the moment.
/home/runner/work/_temp/oss-cad-suite/lib/../share/yosys/ice40/cells_sim.v:2989: Warning: Yosys has only limited support for tri-state logic at the moment.
/home/runner/work/_temp/oss-cad-suite/lib/../share/yosys/ice40/cells_sim.v:2990: Warning: Yosys has only limited support for tri-state logic at the moment.
/home/runner/work/_temp/oss-cad-suite/lib/../share/yosys/ice40/cells_sim.v:2990: Warning: Yosys has only limited support for tri-state logic at the moment.
/home/runner/work/_temp/oss-cad-suite/lib/../share/yosys/ice40/cells_sim.v:3203: Warning: Yosys has only limited support for tri-state logic at the moment.
/home/runner/work/_temp/oss-cad-suite/lib/../share/yosys/ice40/cells_sim.v:3210: Warning: Yosys has only limited support for tri-state logic at the moment.
Generating RTLIL representation for module `\SB_IO'.
Generating RTLIL representation for module `\SB_GB_IO'.
Generating RTLIL representation for module `\SB_GB'.
Generating RTLIL representation for module `\SB_LUT4'.
Generating RTLIL representation for module `\SB_CARRY'.
Generating RTLIL representation for module `\SB_DFF'.
Generating RTLIL representation for module `\SB_DFFE'.
Generating RTLIL representation for module `\SB_DFFSR'.
Generating RTLIL representation for module `\SB_DFFR'.
Generating RTLIL representation for module `\SB_DFFSS'.
Generating RTLIL representation for module `\SB_DFFS'.
Generating RTLIL representation for module `\SB_DFFESR'.
Generating RTLIL representation for module `\SB_DFFER'.
Generating RTLIL representation for module `\SB_DFFESS'.
Generating RTLIL representation for module `\SB_DFFES'.
Generating RTLIL representation for module `\SB_DFFN'.
Generating RTLIL representation for module `\SB_DFFNE'.
Generating RTLIL representation for module `\SB_DFFNSR'.
Generating RTLIL representation for module `\SB_DFFNR'.
Generating RTLIL representation for module `\SB_DFFNSS'.
Generating RTLIL representation for module `\SB_DFFNS'.
Generating RTLIL representation for module `\SB_DFFNESR'.
Generating RTLIL representation for module `\SB_DFFNER'.
Generating RTLIL representation for module `\SB_DFFNESS'.
Generating RTLIL representation for module `\SB_DFFNES'.
Generating RTLIL representation for module `\SB_RAM40_4K'.
Generating RTLIL representation for module `\SB_RAM40_4KNR'.
Generating RTLIL representation for module `\SB_RAM40_4KNW'.
Generating RTLIL representation for module `\SB_RAM40_4KNRNW'.
Generating RTLIL representation for module `\ICESTORM_LC'.
Generating RTLIL representation for module `\SB_PLL40_CORE'.
Generating RTLIL representation for module `\SB_PLL40_PAD'.
Generating RTLIL representation for module `\SB_PLL40_2_PAD'.
Generating RTLIL representation for module `\SB_PLL40_2F_CORE'.
Generating RTLIL representation for module `\SB_PLL40_2F_PAD'.
Generating RTLIL representation for module `\SB_WARMBOOT'.
Generating RTLIL representation for module `\SB_SPRAM256KA'.
Generating RTLIL representation for module `\SB_HFOSC'.
Generating RTLIL representation for module `\SB_LFOSC'.
Generating RTLIL representation for module `\SB_RGBA_DRV'.
Generating RTLIL representation for module `\SB_LED_DRV_CUR'.
Generating RTLIL representation for module `\SB_RGB_DRV'.
Generating RTLIL representation for module `\SB_I2C'.
Generating RTLIL representation for module `\SB_SPI'.
Generating RTLIL representation for module `\SB_LEDDA_IP'.
Generating RTLIL representation for module `\SB_FILTER_50NS'.
Generating RTLIL representation for module `\SB_IO_I3C'.
Generating RTLIL representation for module `\SB_IO_OD'.
Generating RTLIL representation for module `\SB_MAC16'.
Generating RTLIL representation for module `\ICESTORM_RAM'.
Successfully finished Verilog frontend.

5.5.2. Continuing TECHMAP pass.
Using template $paramod\SB_LUT4\LUT_INIT=16'0000000011111111 for cells of type SB_LUT4.
Using template SB_DFFE for cells of type SB_DFFE.
Technology map yielded processes: $proc$/home/runner/work/_temp/oss-cad-suite/lib/../share/yosys/ice40/cells_sim.v:309$15254 $proc$/home/runner/work/_temp/oss-cad-suite/lib/../share/yosys/ice40/cells_sim.v:311$15253

5.5.5. Executing PROC pass (convert processes to netlists).

5.5.5.1. Executing PROC_CLEAN pass (remove empty switches from decision trees).
Cleaned up 0 empty switches.
<suppressed ~65 debug messages>

5.5.5.2. Executing PROC_RMDEAD pass (remove dead branches from decision trees).
Removed a total of 0 dead cases.

5.5.5.3. Executing PROC_PRUNE pass (remove redundant assignments in processes).
Removed 0 redundant assignments.
Promoted 1 assignment to connection.

5.5.5.4. Executing PROC_INIT pass (extract init attributes).
Found init rule in `\SB_DFFE.$proc$/home/runner/work/_temp/oss-cad-suite/lib/../share/yosys/ice40/cells_sim.v:309$15254'.
  Set init value: \Q = 1'0

5.5.5.5. Executing PROC_ARST pass (detect async resets in processes).

5.5.5.6. Executing PROC_ROM pass (convert switches to ROMs).
Converted 0 switches.
<suppressed ~1 debug messages>

5.5.5.7. Executing PROC_MUX pass (convert decision trees to multiplexers).
Creating decoders for process `\SB_DFFE.$proc$/home/runner/work/_temp/oss-cad-suite/lib/../share/yosys/ice40/cells_sim.v:309$15254'.
Creating decoders for process `\SB_DFFE.$proc$/home/runner/work/_temp/oss-cad-suite/lib/../share/yosys/ice40/cells_sim.v:311$15253'.
     1/1: $0\Q[0:0]

5.5.5.8. Executing PROC_DLATCH pass (convert process syncs to latches).

5.5.5.9. Executing PROC_DFF pass (convert process syncs to FFs).
Creating register for signal `\SB_DFFE.\Q' using process `\SB_DFFE.$proc$/home/runner/work/_temp/oss-cad-suite/lib/../share/yosys/ice40/cells_sim.v:311$15253'.
  created $dff cell `$procdff$17076' with positive edge clock.

5.5.5.10. Executing PROC_MEMWR pass (convert process memory writes to cells).

5.5.5.11. Executing PROC_CLEAN pass (remove empty switches from decision trees).
Removing empty process `SB_DFFE.$proc$/home/runner/work/_temp/oss-cad-suite/lib/../share/yosys/ice40/cells_sim.v:309$15254'.
Found and cleaned up 1 empty switch in `\SB_DFFE.$proc$/home/runner/work/_temp/oss-cad-suite/lib/../share/yosys/ice40/cells_sim.v:311$15253'.
Removing empty process `SB_DFFE.$proc$/home/runner/work/_temp/oss-cad-suite/lib/../share/yosys/ice40/cells_sim.v:311$15253'.
Cleaned up 1 empty switch.

5.5.5.12. Executing OPT_EXPR pass (perform const folding).
Optimizing module SB_DFFE.
Using template $paramod\SB_LUT4\LUT_INIT=16'0110100110010110 for cells of type SB_LUT4.
Using template SB_CARRY for cells of type SB_CARRY.
Using template $paramod\SB_LUT4\LUT_INIT=16'0111111111111111 for cells of type SB_LUT4.
Using template $paramod\SB_LUT4\LUT_INIT=16'0000111111111111 for cells of type SB_LUT4.
Using template $paramod\SB_LUT4\LUT_INIT=16'1000000000000000 for cells of type SB_LUT4.
Using template $paramod\SB_LUT4\LUT_INIT=16'1111111100001111 for cells of type SB_LUT4.
Using template SB_DFFESR for cells of type SB_DFFESR.
Technology map yielded processes: $proc$/home/runner/work/_temp/oss-cad-suite/lib/../share/yosys/ice40/cells_sim.v:599$15264 $proc$/home/runner/work/_temp/oss-cad-suite/lib/../share/yosys/ice40/cells_sim.v:601$15263

5.5.16. Executing PROC pass (convert processes to netlists).

5.5.16.1. Executing PROC_CLEAN pass (remove empty switches from decision trees).
Cleaned up 0 empty switches.
<suppressed ~68 debug messages>

5.5.16.2. Executing PROC_RMDEAD pass (remove dead branches from decision trees).
Marked 1 switch rules as full_case in process $proc$/home/runner/work/_temp/oss-cad-suite/lib/../share/yosys/ice40/cells_sim.v:601$15263 in module SB_DFFESR.
Removed a total of 0 dead cases.

5.5.16.3. Executing PROC_PRUNE pass (remove redundant assignments in processes).
Removed 0 redundant assignments.
Promoted 1 assignment to connection.

5.5.16.4. Executing PROC_INIT pass (extract init attributes).
Found init rule in `\SB_DFFESR.$proc$/home/runner/work/_temp/oss-cad-suite/lib/../share/yosys/ice40/cells_sim.v:599$15264'.
  Set init value: \Q = 1'0

5.5.16.5. Executing PROC_ARST pass (detect async resets in processes).

5.5.16.6. Executing PROC_ROM pass (convert switches to ROMs).
Converted 0 switches.
<suppressed ~2 debug messages>

5.5.16.7. Executing PROC_MUX pass (convert decision trees to multiplexers).
Creating decoders for process `\SB_DFFESR.$proc$/home/runner/work/_temp/oss-cad-suite/lib/../share/yosys/ice40/cells_sim.v:599$15264'.
Creating decoders for process `\SB_DFFESR.$proc$/home/runner/work/_temp/oss-cad-suite/lib/../share/yosys/ice40/cells_sim.v:601$15263'.
     1/1: $0\Q[0:0]

5.5.16.8. Executing PROC_DLATCH pass (convert process syncs to latches).

5.5.16.9. Executing PROC_DFF pass (convert process syncs to FFs).
Creating register for signal `\SB_DFFESR.\Q' using process `\SB_DFFESR.$proc$/home/runner/work/_temp/oss-cad-suite/lib/../share/yosys/ice40/cells_sim.v:601$15263'.
  created $dff cell `$procdff$17102' with positive edge clock.

5.5.16.10. Executing PROC_MEMWR pass (convert process memory writes to cells).

5.5.16.11. Executing PROC_CLEAN pass (remove empty switches from decision trees).
Removing empty process `SB_DFFESR.$proc$/home/runner/work/_temp/oss-cad-suite/lib/../share/yosys/ice40/cells_sim.v:599$15264'.
Found and cleaned up 2 empty switches in `\SB_DFFESR.$proc$/home/runner/work/_temp/oss-cad-suite/lib/../share/yosys/ice40/cells_sim.v:601$15263'.
Removing empty process `SB_DFFESR.$proc$/home/runner/work/_temp/oss-cad-suite/lib/../share/yosys/ice40/cells_sim.v:601$15263'.
Cleaned up 2 empty switches.

5.5.16.12. Executing OPT_EXPR pass (perform const folding).
Optimizing module SB_DFFESR.
Using template $paramod\SB_LUT4\LUT_INIT=16'1101011101111101 for cells of type SB_LUT4.
Using template $paramod\SB_LUT4\LUT_INIT=16'1000001000101000 for cells of type SB_LUT4.
Using template $paramod\SB_LUT4\LUT_INIT=16'0000000011110000 for cells of type SB_LUT4.
Using template $paramod\SB_LUT4\LUT_INIT=16'1111000000000000 for cells of type SB_LUT4.
Using template $paramod\SB_LUT4\LUT_INIT=16'0000000011110011 for cells of type SB_LUT4.
Using template $paramod\SB_LUT4\LUT_INIT=16'0000000000000001 for cells of type SB_LUT4.
Using template $paramod\SB_LUT4\LUT_INIT=16'0000000011000000 for cells of type SB_LUT4.
Using template $paramod\SB_LUT4\LUT_INIT=16'1100110011111100 for cells of type SB_LUT4.
Using template $paramod\SB_LUT4\LUT_INIT=16'0000001000100000 for cells of type SB_LUT4.
Using template $paramod\SB_LUT4\LUT_INIT=16'1011111111111101 for cells of type SB_LUT4.
Using template $paramod\SB_LUT4\LUT_INIT=16'0000000000001111 for cells of type SB_LUT4.
Using template $paramod\SB_LUT4\LUT_INIT=16'1111110011111111 for cells of type SB_LUT4.
Using template SB_DFFSR for cells of type SB_DFFSR.
Technology map yielded processes: $proc$/home/runner/work/_temp/oss-cad-suite/lib/../share/yosys/ice40/cells_sim.v:354$15256 $proc$/home/runner/work/_temp/oss-cad-suite/lib/../share/yosys/ice40/cells_sim.v:356$15255

5.5.41. Executing PROC pass (convert processes to netlists).

5.5.41.1. Executing PROC_CLEAN pass (remove empty switches from decision trees).
Cleaned up 0 empty switches.
<suppressed ~198 debug messages>

5.5.41.2. Executing PROC_RMDEAD pass (remove dead branches from decision trees).
Marked 1 switch rules as full_case in process $proc$/home/runner/work/_temp/oss-cad-suite/lib/../share/yosys/ice40/cells_sim.v:356$15255 in module SB_DFFSR.
Removed a total of 0 dead cases.

5.5.41.3. Executing PROC_PRUNE pass (remove redundant assignments in processes).
Removed 1 redundant assignment.
Promoted 1 assignment to connection.

5.5.41.4. Executing PROC_INIT pass (extract init attributes).
Found init rule in `\SB_DFFSR.$proc$/home/runner/work/_temp/oss-cad-suite/lib/../share/yosys/ice40/cells_sim.v:354$15256'.
  Set init value: \Q = 1'0

5.5.41.5. Executing PROC_ARST pass (detect async resets in processes).

5.5.41.6. Executing PROC_ROM pass (convert switches to ROMs).
Converted 0 switches.
<suppressed ~1 debug messages>

5.5.41.7. Executing PROC_MUX pass (convert decision trees to multiplexers).
Creating decoders for process `\SB_DFFSR.$proc$/home/runner/work/_temp/oss-cad-suite/lib/../share/yosys/ice40/cells_sim.v:354$15256'.
Creating decoders for process `\SB_DFFSR.$proc$/home/runner/work/_temp/oss-cad-suite/lib/../share/yosys/ice40/cells_sim.v:356$15255'.
     1/1: $0\Q[0:0]

5.5.41.8. Executing PROC_DLATCH pass (convert process syncs to latches).

5.5.41.9. Executing PROC_DFF pass (convert process syncs to FFs).
Creating register for signal `\SB_DFFSR.\Q' using process `\SB_DFFSR.$proc$/home/runner/work/_temp/oss-cad-suite/lib/../share/yosys/ice40/cells_sim.v:356$15255'.
  created $dff cell `$procdff$17154' with positive edge clock.

5.5.41.10. Executing PROC_MEMWR pass (convert process memory writes to cells).

5.5.41.11. Executing PROC_CLEAN pass (remove empty switches from decision trees).
Removing empty process `SB_DFFSR.$proc$/home/runner/work/_temp/oss-cad-suite/lib/../share/yosys/ice40/cells_sim.v:354$15256'.
Found and cleaned up 1 empty switch in `\SB_DFFSR.$proc$/home/runner/work/_temp/oss-cad-suite/lib/../share/yosys/ice40/cells_sim.v:356$15255'.
Removing empty process `SB_DFFSR.$proc$/home/runner/work/_temp/oss-cad-suite/lib/../share/yosys/ice40/cells_sim.v:356$15255'.
Cleaned up 1 empty switch.

5.5.41.12. Executing OPT_EXPR pass (perform const folding).
Optimizing module SB_DFFSR.
Using template $paramod\SB_LUT4\LUT_INIT=16'0100111011001100 for cells of type SB_LUT4.
Using template $paramod\SB_LUT4\LUT_INIT=16'1111111100001100 for cells of type SB_LUT4.
Using template $paramod\SB_LUT4\LUT_INIT=16'1111000000110000 for cells of type SB_LUT4.
Using template $paramod\SB_LUT4\LUT_INIT=16'0000111100000000 for cells of type SB_LUT4.
Using template $paramod\SB_LUT4\LUT_INIT=16'1011001100110011 for cells of type SB_LUT4.
Using template $paramod\SB_LUT4\LUT_INIT=16'1111001111110000 for cells of type SB_LUT4.
Using template $paramod\SB_LUT4\LUT_INIT=16'0000001100000000 for cells of type SB_LUT4.
Using template $paramod\SB_LUT4\LUT_INIT=16'1010100010101010 for cells of type SB_LUT4.
Using template $paramod\SB_LUT4\LUT_INIT=16'1001011001101001 for cells of type SB_LUT4.
Using template $paramod\SB_LUT4\LUT_INIT=16'1111100011110000 for cells of type SB_LUT4.
Using template $paramod\SB_LUT4\LUT_INIT=16'0000000000000010 for cells of type SB_LUT4.
Using template $paramod\SB_LUT4\LUT_INIT=16'1111110000001100 for cells of type SB_LUT4.
Using template $paramod\SB_LUT4\LUT_INIT=16'1100111111000100 for cells of type SB_LUT4.
Using template $paramod\SB_LUT4\LUT_INIT=16'1010001010101010 for cells of type SB_LUT4.
Using template $paramod\SB_LUT4\LUT_INIT=16'0000110000000000 for cells of type SB_LUT4.
Using template $paramod\SB_LUT4\LUT_INIT=16'0100000000000000 for cells of type SB_LUT4.
Using template $paramod\SB_LUT4\LUT_INIT=16'1111010011110000 for cells of type SB_LUT4.
Using template $paramod\SB_LUT4\LUT_INIT=16'0000000000010000 for cells of type SB_LUT4.
Using template $paramod\SB_LUT4\LUT_INIT=16'1100000000000000 for cells of type SB_LUT4.
Using template $paramod\SB_LUT4\LUT_INIT=16'0010101010101010 for cells of type SB_LUT4.
Using template $paramod\SB_LUT4\LUT_INIT=16'1000111100000000 for cells of type SB_LUT4.
Using template $paramod\SB_LUT4\LUT_INIT=16'1010111100110011 for cells of type SB_LUT4.
Using template $paramod\SB_LUT4\LUT_INIT=16'0000000000001100 for cells of type SB_LUT4.
Using template $paramod\SB_LUT4\LUT_INIT=16'0001000000000000 for cells of type SB_LUT4.
Using template $paramod\SB_LUT4\LUT_INIT=16'0000010000000000 for cells of type SB_LUT4.
Using template $paramod\SB_LUT4\LUT_INIT=16'0011000000000000 for cells of type SB_LUT4.
Using template $paramod\SB_LUT4\LUT_INIT=16'1111111111110000 for cells of type SB_LUT4.
Using template $paramod\SB_LUT4\LUT_INIT=16'0011001100001100 for cells of type SB_LUT4.
Using template $paramod\SB_LUT4\LUT_INIT=16'1010101010101000 for cells of type SB_LUT4.
Using template $paramod\SB_LUT4\LUT_INIT=16'0011111111111111 for cells of type SB_LUT4.
Using template $paramod\SB_LUT4\LUT_INIT=16'1100110011001110 for cells of type SB_LUT4.
Using template $paramod\SB_LUT4\LUT_INIT=16'1101000011110000 for cells of type SB_LUT4.
Using template $paramod\SB_LUT4\LUT_INIT=16'0110011000001100 for cells of type SB_LUT4.
Using template $paramod\SB_LUT4\LUT_INIT=16'1100110000001010 for cells of type SB_LUT4.
Using template $paramod\SB_LUT4\LUT_INIT=16'0001110011010000 for cells of type SB_LUT4.
Using template $paramod\SB_LUT4\LUT_INIT=16'1100110011001000 for cells of type SB_LUT4.
Using template $paramod\SB_LUT4\LUT_INIT=16'1110110011111100 for cells of type SB_LUT4.
Using template $paramod\SB_LUT4\LUT_INIT=16'1100111100000011 for cells of type SB_LUT4.
Using template $paramod\SB_LUT4\LUT_INIT=16'0000000000110000 for cells of type SB_LUT4.
Using template $paramod\SB_LUT4\LUT_INIT=16'1100001100001111 for cells of type SB_LUT4.
Using template $paramod\SB_LUT4\LUT_INIT=16'0000111100100010 for cells of type SB_LUT4.
Using template $paramod\SB_LUT4\LUT_INIT=16'0000001100001111 for cells of type SB_LUT4.
Using template $paramod\SB_LUT4\LUT_INIT=16'1111000000001111 for cells of type SB_LUT4.
Using template $paramod\SB_LUT4\LUT_INIT=16'0110011011110000 for cells of type SB_LUT4.
Using template $paramod\SB_LUT4\LUT_INIT=16'0011110011110000 for cells of type SB_LUT4.
Using template $paramod\SB_LUT4\LUT_INIT=16'0010111011100010 for cells of type SB_LUT4.
Using template $paramod\SB_LUT4\LUT_INIT=16'0000111100000011 for cells of type SB_LUT4.
Using template $paramod\SB_LUT4\LUT_INIT=16'0000001100110011 for cells of type SB_LUT4.
Using template $paramod\SB_LUT4\LUT_INIT=16'0000000011111100 for cells of type SB_LUT4.
Using template $paramod\SB_LUT4\LUT_INIT=16'1111000011111110 for cells of type SB_LUT4.
Using template $paramod\SB_LUT4\LUT_INIT=16'0000101010100000 for cells of type SB_LUT4.
Using template $paramod\SB_LUT4\LUT_INIT=16'0000001000000000 for cells of type SB_LUT4.
Using template $paramod\SB_LUT4\LUT_INIT=16'0000000000000011 for cells of type SB_LUT4.
Using template $paramod\SB_LUT4\LUT_INIT=16'1111110011110000 for cells of type SB_LUT4.
Using template $paramod\SB_LUT4\LUT_INIT=16'0001010100111111 for cells of type SB_LUT4.
Using template $paramod\SB_LUT4\LUT_INIT=16'0001001101011111 for cells of type SB_LUT4.
Using template $paramod\SB_LUT4\LUT_INIT=16'0000000000100000 for cells of type SB_LUT4.
Using template $paramod\SB_LUT4\LUT_INIT=16'0000100000000000 for cells of type SB_LUT4.
Using template $paramod\SB_LUT4\LUT_INIT=16'1100101000000000 for cells of type SB_LUT4.
Using template $paramod\SB_LUT4\LUT_INIT=16'1100000000001100 for cells of type SB_LUT4.
Using template $paramod\SB_LUT4\LUT_INIT=16'1111001111001111 for cells of type SB_LUT4.
Using template $paramod\SB_LUT4\LUT_INIT=16'0001000100010101 for cells of type SB_LUT4.
Using template $paramod\SB_LUT4\LUT_INIT=16'0011111100000000 for cells of type SB_LUT4.
Using template $paramod\SB_LUT4\LUT_INIT=16'0000000000000111 for cells of type SB_LUT4.
Using template $paramod\SB_LUT4\LUT_INIT=16'1111011100000000 for cells of type SB_LUT4.
Using template $paramod\SB_LUT4\LUT_INIT=16'1110111111111111 for cells of type SB_LUT4.
Using template $paramod\SB_LUT4\LUT_INIT=16'1111111011111111 for cells of type SB_LUT4.
Using template $paramod\SB_LUT4\LUT_INIT=16'1011111111111111 for cells of type SB_LUT4.
Using template $paramod\SB_LUT4\LUT_INIT=16'0000000100010001 for cells of type SB_LUT4.
Using template $paramod\SB_LUT4\LUT_INIT=16'1000111110001000 for cells of type SB_LUT4.
Using template $paramod\SB_LUT4\LUT_INIT=16'0010010000000000 for cells of type SB_LUT4.
Using template $paramod\SB_LUT4\LUT_INIT=16'0001000100000001 for cells of type SB_LUT4.
Using template $paramod\SB_LUT4\LUT_INIT=16'1100110011000000 for cells of type SB_LUT4.
Using template $paramod\SB_LUT4\LUT_INIT=16'0000010100000001 for cells of type SB_LUT4.
Using template $paramod\SB_LUT4\LUT_INIT=16'0010101000000000 for cells of type SB_LUT4.
Using template $paramod\SB_LUT4\LUT_INIT=16'0010000000000000 for cells of type SB_LUT4.
Using template $paramod\SB_LUT4\LUT_INIT=16'0000111100000111 for cells of type SB_LUT4.
Using template $paramod\SB_LUT4\LUT_INIT=16'0000000000000100 for cells of type SB_LUT4.
Using template $paramod\SB_LUT4\LUT_INIT=16'1111111111000000 for cells of type SB_LUT4.
Using template $paramod\SB_LUT4\LUT_INIT=16'0001001100110011 for cells of type SB_LUT4.
Using template $paramod\SB_LUT4\LUT_INIT=16'0000011100000000 for cells of type SB_LUT4.
Using template $paramod\SB_LUT4\LUT_INIT=16'0101010000000100 for cells of type SB_LUT4.
Using template $paramod\SB_LUT4\LUT_INIT=16'1010101010111010 for cells of type SB_LUT4.
Using template $paramod\SB_LUT4\LUT_INIT=16'0101011100000000 for cells of type SB_LUT4.
Using template $paramod\SB_LUT4\LUT_INIT=16'0100110011001100 for cells of type SB_LUT4.
Using template $paramod\SB_LUT4\LUT_INIT=16'0001001000000011 for cells of type SB_LUT4.
Using template $paramod\SB_LUT4\LUT_INIT=16'1010101010101110 for cells of type SB_LUT4.
Using template $paramod\SB_LUT4\LUT_INIT=16'1100100010001100 for cells of type SB_LUT4.
Using template $paramod\SB_LUT4\LUT_INIT=16'0000110011000000 for cells of type SB_LUT4.
Using template $paramod\SB_LUT4\LUT_INIT=16'1000100011111000 for cells of type SB_LUT4.
Using template SB_DFFESS for cells of type SB_DFFESS.
Technology map yielded processes: $proc$/home/runner/work/_temp/oss-cad-suite/lib/../share/yosys/ice40/cells_sim.v:740$15268 $proc$/home/runner/work/_temp/oss-cad-suite/lib/../share/yosys/ice40/cells_sim.v:742$15267

5.5.222. Executing PROC pass (convert processes to netlists).

5.5.222.1. Executing PROC_CLEAN pass (remove empty switches from decision trees).
Cleaned up 0 empty switches.
<suppressed ~1540 debug messages>

5.5.222.2. Executing PROC_RMDEAD pass (remove dead branches from decision trees).
Marked 1 switch rules as full_case in process $proc$/home/runner/work/_temp/oss-cad-suite/lib/../share/yosys/ice40/cells_sim.v:742$15267 in module SB_DFFESS.
Removed a total of 0 dead cases.

5.5.222.3. Executing PROC_PRUNE pass (remove redundant assignments in processes).
Removed 0 redundant assignments.
Promoted 1 assignment to connection.

5.5.222.4. Executing PROC_INIT pass (extract init attributes).
Found init rule in `\SB_DFFESS.$proc$/home/runner/work/_temp/oss-cad-suite/lib/../share/yosys/ice40/cells_sim.v:740$15268'.
  Set init value: \Q = 1'0

5.5.222.5. Executing PROC_ARST pass (detect async resets in processes).

5.5.222.6. Executing PROC_ROM pass (convert switches to ROMs).
Converted 0 switches.
<suppressed ~2 debug messages>

5.5.222.7. Executing PROC_MUX pass (convert decision trees to multiplexers).
Creating decoders for process `\SB_DFFESS.$proc$/home/runner/work/_temp/oss-cad-suite/lib/../share/yosys/ice40/cells_sim.v:740$15268'.
Creating decoders for process `\SB_DFFESS.$proc$/home/runner/work/_temp/oss-cad-suite/lib/../share/yosys/ice40/cells_sim.v:742$15267'.
     1/1: $0\Q[0:0]

5.5.222.8. Executing PROC_DLATCH pass (convert process syncs to latches).

5.5.222.9. Executing PROC_DFF pass (convert process syncs to FFs).
Creating register for signal `\SB_DFFESS.\Q' using process `\SB_DFFESS.$proc$/home/runner/work/_temp/oss-cad-suite/lib/../share/yosys/ice40/cells_sim.v:742$15267'.
  created $dff cell `$procdff$17520' with positive edge clock.

5.5.222.10. Executing PROC_MEMWR pass (convert process memory writes to cells).

5.5.222.11. Executing PROC_CLEAN pass (remove empty switches from decision trees).
Removing empty process `SB_DFFESS.$proc$/home/runner/work/_temp/oss-cad-suite/lib/../share/yosys/ice40/cells_sim.v:740$15268'.
Found and cleaned up 2 empty switches in `\SB_DFFESS.$proc$/home/runner/work/_temp/oss-cad-suite/lib/../share/yosys/ice40/cells_sim.v:742$15267'.
Removing empty process `SB_DFFESS.$proc$/home/runner/work/_temp/oss-cad-suite/lib/../share/yosys/ice40/cells_sim.v:742$15267'.
Cleaned up 2 empty switches.

5.5.222.12. Executing OPT_EXPR pass (perform const folding).
Optimizing module SB_DFFESS.
No more expansions possible.
<suppressed ~1 debug messages>

[lvs stderr]
ERROR: Gold module contains memories or processes. Run 'memory' or 'proc' respectively.
Traceback (most recent call last):
  File "<stdin>", line 4, in <module>
  File "/home/runner/work/_temp/oss-cad-suite/lib/python3.11/pathlib.py", line 1078, in write_text
    with self.open(mode='w', encoding=encoding, errors=errors, newline=newline) as f:
         ^^^^^^^^^^^^^^^^^^^^^^^^^^^^^^^^^^^^^^^^^^^^^^^^^^^^^^^^^^^^^^^^^^^^^^
  File "/home/runner/work/_temp/oss-cad-suite/lib/python3.11/pathlib.py", line 1044, in open
    return io.open(self, mode, buffering, encoding, errors, newline)
           ^^^^^^^^^^^^^^^^^^^^^^^^^^^^^^^^^^^^^^^^^^^^^^^^^^^^^^^^^
FileNotFoundError: [Errno 2] No such file or directory: 'ci/gatelint-0.4/evidence/status.json'
